###############################################################################
#
# IAR ELF Linker V8.20.1.14183/W32 for ARM                12/Apr/2018  00:55:37
# Copyright 2007-2017 IAR Systems AB.
#
#    Output file  =  
#        C:\Users\ZephRay\Documents\GitHub\OpAmp-PSG\Firmware\OpTune\EWARM\OpTune\Exe\OpTune.out
#    Map file     =  
#        C:\Users\ZephRay\Documents\GitHub\OpAmp-PSG\Firmware\OpTune\EWARM\OpTune\List\OpTune.map
#    Command line =  
#        -f C:\Users\ZephRay\AppData\Local\Temp\EWC8E7.tmp
#        (C:\Users\ZephRay\Documents\GitHub\OpAmp-PSG\Firmware\OpTune\EWARM\OpTune\Obj\diskio.o
#        C:\Users\ZephRay\Documents\GitHub\OpAmp-PSG\Firmware\OpTune\EWARM\OpTune\Obj\fatfs.o
#        C:\Users\ZephRay\Documents\GitHub\OpAmp-PSG\Firmware\OpTune\EWARM\OpTune\Obj\ff.o
#        C:\Users\ZephRay\Documents\GitHub\OpAmp-PSG\Firmware\OpTune\EWARM\OpTune\Obj\ff_gen_drv.o
#        C:\Users\ZephRay\Documents\GitHub\OpAmp-PSG\Firmware\OpTune\EWARM\OpTune\Obj\lcd4004.o
#        C:\Users\ZephRay\Documents\GitHub\OpAmp-PSG\Firmware\OpTune\EWARM\OpTune\Obj\main.o
#        C:\Users\ZephRay\Documents\GitHub\OpAmp-PSG\Firmware\OpTune\EWARM\OpTune\Obj\sd_spi.o
#        C:\Users\ZephRay\Documents\GitHub\OpAmp-PSG\Firmware\OpTune\EWARM\OpTune\Obj\startup_stm32f303xc.o
#        C:\Users\ZephRay\Documents\GitHub\OpAmp-PSG\Firmware\OpTune\EWARM\OpTune\Obj\stm32_adafruit_sd.o
#        C:\Users\ZephRay\Documents\GitHub\OpAmp-PSG\Firmware\OpTune\EWARM\OpTune\Obj\stm32f3xx_hal.o
#        C:\Users\ZephRay\Documents\GitHub\OpAmp-PSG\Firmware\OpTune\EWARM\OpTune\Obj\stm32f3xx_hal_cortex.o
#        C:\Users\ZephRay\Documents\GitHub\OpAmp-PSG\Firmware\OpTune\EWARM\OpTune\Obj\stm32f3xx_hal_dac.o
#        C:\Users\ZephRay\Documents\GitHub\OpAmp-PSG\Firmware\OpTune\EWARM\OpTune\Obj\stm32f3xx_hal_dac_ex.o
#        C:\Users\ZephRay\Documents\GitHub\OpAmp-PSG\Firmware\OpTune\EWARM\OpTune\Obj\stm32f3xx_hal_dma.o
#        C:\Users\ZephRay\Documents\GitHub\OpAmp-PSG\Firmware\OpTune\EWARM\OpTune\Obj\stm32f3xx_hal_flash.o
#        C:\Users\ZephRay\Documents\GitHub\OpAmp-PSG\Firmware\OpTune\EWARM\OpTune\Obj\stm32f3xx_hal_flash_ex.o
#        C:\Users\ZephRay\Documents\GitHub\OpAmp-PSG\Firmware\OpTune\EWARM\OpTune\Obj\stm32f3xx_hal_gpio.o
#        C:\Users\ZephRay\Documents\GitHub\OpAmp-PSG\Firmware\OpTune\EWARM\OpTune\Obj\stm32f3xx_hal_i2c.o
#        C:\Users\ZephRay\Documents\GitHub\OpAmp-PSG\Firmware\OpTune\EWARM\OpTune\Obj\stm32f3xx_hal_i2c_ex.o
#        C:\Users\ZephRay\Documents\GitHub\OpAmp-PSG\Firmware\OpTune\EWARM\OpTune\Obj\stm32f3xx_hal_msp.o
#        C:\Users\ZephRay\Documents\GitHub\OpAmp-PSG\Firmware\OpTune\EWARM\OpTune\Obj\stm32f3xx_hal_pwr.o
#        C:\Users\ZephRay\Documents\GitHub\OpAmp-PSG\Firmware\OpTune\EWARM\OpTune\Obj\stm32f3xx_hal_pwr_ex.o
#        C:\Users\ZephRay\Documents\GitHub\OpAmp-PSG\Firmware\OpTune\EWARM\OpTune\Obj\stm32f3xx_hal_rcc.o
#        C:\Users\ZephRay\Documents\GitHub\OpAmp-PSG\Firmware\OpTune\EWARM\OpTune\Obj\stm32f3xx_hal_rcc_ex.o
#        C:\Users\ZephRay\Documents\GitHub\OpAmp-PSG\Firmware\OpTune\EWARM\OpTune\Obj\stm32f3xx_hal_spi.o
#        C:\Users\ZephRay\Documents\GitHub\OpAmp-PSG\Firmware\OpTune\EWARM\OpTune\Obj\stm32f3xx_hal_spi_ex.o
#        C:\Users\ZephRay\Documents\GitHub\OpAmp-PSG\Firmware\OpTune\EWARM\OpTune\Obj\stm32f3xx_hal_tim.o
#        C:\Users\ZephRay\Documents\GitHub\OpAmp-PSG\Firmware\OpTune\EWARM\OpTune\Obj\stm32f3xx_hal_tim_ex.o
#        C:\Users\ZephRay\Documents\GitHub\OpAmp-PSG\Firmware\OpTune\EWARM\OpTune\Obj\stm32f3xx_it.o
#        C:\Users\ZephRay\Documents\GitHub\OpAmp-PSG\Firmware\OpTune\EWARM\OpTune\Obj\syscall.o
#        C:\Users\ZephRay\Documents\GitHub\OpAmp-PSG\Firmware\OpTune\EWARM\OpTune\Obj\system_stm32f3xx.o
#        C:\Users\ZephRay\Documents\GitHub\OpAmp-PSG\Firmware\OpTune\EWARM\OpTune\Obj\user_diskio.o
#        --redirect _Printf=_PrintfFull --redirect _Scanf=_ScanfFull -o
#        C:\Users\ZephRay\Documents\GitHub\OpAmp-PSG\Firmware\OpTune\EWARM\OpTune\Exe\OpTune.out
#        --map
#        C:\Users\ZephRay\Documents\GitHub\OpAmp-PSG\Firmware\OpTune\EWARM\OpTune\List\OpTune.map
#        --config
#        C:\Users\ZephRay\Documents\GitHub\OpAmp-PSG\Firmware\OpTune\EWARM/stm32f303xc_flash.icf
#        --semihosting --entry __iar_program_start --vfe --text_out locale)
#
###############################################################################

*******************************************************************************
*** RUNTIME MODEL ATTRIBUTES
***

CppFlavor       = *
__Heap_Handler  = DLMalloc
__SystemLibrary = DLib
__dlib_version  = 6


*******************************************************************************
*** HEAP SELECTION
***

The advanced heap was selected because the application calls memory
allocation functions outside of system library functions, and there
are calls to deallocation functions in the application.


*******************************************************************************
*** PLACEMENT SUMMARY
***

"A0":  place at 0x08000000 { ro section .intvec };
"P1":  place in [from 0x08000000 to 0x0803ffff] { ro };
define block CSTACK with size = 8K, alignment = 8 { };
define block HEAP with size = 512, alignment = 8 { };
"P2":  place in [from 0x20000000 to 0x20009fff] {
          rw, block CSTACK, block HEAP };
initialize by copy { rw };

  Section            Kind        Address    Size  Object
  -------            ----        -------    ----  ------
"A0":                                      0x188
  .intvec            ro code  0x08000000   0x188  startup_stm32f303xc.o [1]
                            - 0x08000188   0x188

"P1":                                     0x6e53
  .text              ro code  0x08000188  0x14d8  dlmalloc.o [3]
  .text              ro code  0x08001660     0x6  abort.o [3]
  .text              ro code  0x08001666    0x7a  lz77_init_single.o [5]
  .text              ro code  0x080016e0    0x2c  xgetmemchunk.o [3]
  .text              ro code  0x0800170c    0x14  exit.o [6]
  .text              ro code  0x08001720  0x105a  ff.o [1]
  .text              ro code  0x0800277a    0x1e  xencoding_8859_1.o [3]
  .text              ro code  0x08002798    0x66  ABImemset.o [5]
  .text              ro code  0x080027fe     0xa  xsprout.o [3]
  .text              ro code  0x08002808    0x5c  diskio.o [1]
  .text              ro code  0x08002864     0x4  fatfs.o [1]
  .text              ro code  0x08002868   0xf4e  xprintffull.o [3]
  .text              ro code  0x080037b8    0x78  xlocale_c.o [3]
  .text              ro code  0x08003830    0x16  strchr.o [5]
  .text              ro code  0x08003848    0x44  xfail_s.o [3]
  .text              ro code  0x0800388c    0x36  strlen.o [5]
  .text              ro code  0x080038c4    0x58  memchr.o [5]
  .text              ro code  0x0800391c     0xa  xmbcurmax.o [3]
  .text              ro code  0x08003928    0xa6  ABImemcpy.o [5]
  .text              ro code  0x080039d0   0x22e  I64DivMod.o [5]
  .text              ro code  0x08003c00   0x1a2  DblMul.o [4]
  .text              ro code  0x08003da4    0x70  frexp.o [4]
  .text              ro code  0x08003e14    0x2e  DblCmpLe.o [4]
  .text              ro code  0x08003e44    0x2e  DblCmpGe.o [4]
  .text              ro code  0x08003e74   0x13a  ldexp.o [4]
  .text              ro code  0x08003fb0    0x3a  DblToS32.o [4]
  .text              ro code  0x08003fec    0x22  S32ToDbl.o [4]
  .text              ro code  0x08004010    0xe2  DblSub.o [4]
  .text              ro code  0x080040f4   0x246  DblDiv.o [4]
  .text              ro code  0x0800433c    0x28  DblToU32.o [4]
  .text              ro code  0x08004364    0x1a  U32ToDbl.o [4]
  .text              ro code  0x08004380     0x2  I64DivZer.o [5]
  .text              ro code  0x08004384   0x168  DblAdd.o [4]
  .text              ro code  0x080044ec   0x74c  stm32_adafruit_sd.o [1]
  .text              ro code  0x08004c38   0x180  sd_spi.o [1]
  .text              ro code  0x08004db8     0x4  heaptramp0.o [3]
  .text              ro code  0x08004dbc    0x1e  stm32f3xx_hal.o [1]
  .text              ro code  0x08004ddc   0x466  stm32f3xx_hal_spi.o [1]
  .text              ro code  0x08005244   0x2b0  stm32f3xx_hal_gpio.o [1]
  .text              ro code  0x080054f4     0xc  stm32f3xx_hal.o [1]
  .text              ro code  0x08005500   0x1f0  stm32f3xx_hal_msp.o [1]
  .text              ro code  0x080056f0    0xce  stm32f3xx_hal_cortex.o [1]
  .text              ro code  0x080057c0   0x4b4  stm32f3xx_hal_rcc.o [1]
  .text              ro code  0x08005c74    0x28  stm32f3xx_hal.o [1]
  .text              ro code  0x08005c9c   0x424  stm32f3xx_hal_tim.o [1]
  .text              ro code  0x080060c0     0x2  stm32f3xx_hal_tim.o [1]
  .text              ro code  0x080060c4   0x370  main.o [1]
  .text              ro code  0x08006434    0x24  stm32f3xx_hal.o [1]
  .text              ro code  0x08006458   0x12e  lcd4004.o [1]
  .text              ro code  0x08006588    0x44  ff_gen_drv.o [1]
  .text              ro code  0x080065cc    0x40  sprintf.o [3]
  .text              ro code  0x0800660c   0x1b8  stm32f3xx_hal_rcc_ex.o [1]
  .text              ro code  0x080067c4    0x28  stm32f3xx_hal_dac.o [1]
  .text              ro code  0x080067ec    0x7c  stm32f3xx_hal_dac_ex.o [1]
  .text              ro code  0x08006868    0xb2  stm32f3xx_hal_i2c.o [1]
  .text              ro code  0x0800691c    0x86  stm32f3xx_hal_i2c_ex.o [1]
  .text              ro code  0x080069a4   0x250  stm32f3xx_hal_tim_ex.o [1]
  .text              ro code  0x08006bf4    0xe8  user_diskio.o [1]
  .text              ro code  0x08006cdc    0x7c  system_stm32f3xx.o [1]
  .text              ro code  0x08006d58    0x40  zero_init3.o [5]
  .text              ro code  0x08006d98    0x28  data_init.o [5]
  .text              ro code  0x08006dc0    0x22  fpinit_M.o [4]
  .iar.init_table    const    0x08006de4    0x20  - Linker created -
  .text              ro code  0x08006e04    0x1e  stm32f3xx_it.o [1]
  .text              ro code  0x08006e24    0x10  stm32f3xx_hal.o [1]
  .text              ro code  0x08006e34    0x1e  cmain.o [5]
  .text              ro code  0x08006e52     0x4  low_level_init.o [3]
  .text              ro code  0x08006e56     0x4  exit.o [3]
  .text              ro code  0x08006e5c     0xa  cexit.o [5]
  .text              ro code  0x08006e68    0x10  startup_stm32f303xc.o [1]
  .text              ro code  0x08006e78     0xc  cstartup_M.o [5]
  .rodata            const    0x08006e84     0x6  xlocale_c.o [3]
  .text              ro code  0x08006e8a     0x4  startup_stm32f303xc.o [1]
  .text              ro code  0x08006e8e     0x4  startup_stm32f303xc.o [1]
  .text              ro code  0x08006e92     0x4  startup_stm32f303xc.o [1]
  .text              ro code  0x08006e96     0x4  startup_stm32f303xc.o [1]
  .text              ro code  0x08006e9a     0x4  startup_stm32f303xc.o [1]
  .text              ro code  0x08006e9e     0x4  startup_stm32f303xc.o [1]
  .text              ro code  0x08006ea2     0x4  startup_stm32f303xc.o [1]
  .text              ro code  0x08006ea6     0x4  startup_stm32f303xc.o [1]
  .text              ro code  0x08006eaa     0x4  startup_stm32f303xc.o [1]
  .text              ro code  0x08006eae     0x4  startup_stm32f303xc.o [1]
  .text              ro code  0x08006eb2     0x4  startup_stm32f303xc.o [1]
  .text              ro code  0x08006eb6     0x4  startup_stm32f303xc.o [1]
  .text              ro code  0x08006eba     0x4  startup_stm32f303xc.o [1]
  .text              ro code  0x08006ebe     0x4  startup_stm32f303xc.o [1]
  .text              ro code  0x08006ec2     0x4  startup_stm32f303xc.o [1]
  .text              ro code  0x08006ec6     0x4  startup_stm32f303xc.o [1]
  .text              ro code  0x08006eca     0x4  startup_stm32f303xc.o [1]
  .text              ro code  0x08006ece     0x4  startup_stm32f303xc.o [1]
  .text              ro code  0x08006ed2     0x4  startup_stm32f303xc.o [1]
  .text              ro code  0x08006ed6     0x4  startup_stm32f303xc.o [1]
  .text              ro code  0x08006eda     0x4  startup_stm32f303xc.o [1]
  .text              ro code  0x08006ede     0x4  startup_stm32f303xc.o [1]
  .text              ro code  0x08006ee2     0x4  startup_stm32f303xc.o [1]
  .text              ro code  0x08006ee6     0x4  startup_stm32f303xc.o [1]
  .text              ro code  0x08006eea     0x4  startup_stm32f303xc.o [1]
  .text              ro code  0x08006eee     0x4  startup_stm32f303xc.o [1]
  .text              ro code  0x08006ef2     0x4  startup_stm32f303xc.o [1]
  .text              ro code  0x08006ef6     0x4  startup_stm32f303xc.o [1]
  .text              ro code  0x08006efa     0x4  startup_stm32f303xc.o [1]
  .text              ro code  0x08006efe     0x4  startup_stm32f303xc.o [1]
  .text              ro code  0x08006f02     0x4  startup_stm32f303xc.o [1]
  .text              ro code  0x08006f06     0x4  startup_stm32f303xc.o [1]
  .text              ro code  0x08006f0a     0x4  startup_stm32f303xc.o [1]
  .text              ro code  0x08006f0e     0x4  startup_stm32f303xc.o [1]
  .text              ro code  0x08006f12     0x4  startup_stm32f303xc.o [1]
  .text              ro code  0x08006f16     0x4  startup_stm32f303xc.o [1]
  .text              ro code  0x08006f1a     0x4  startup_stm32f303xc.o [1]
  .text              ro code  0x08006f1e     0x4  startup_stm32f303xc.o [1]
  .text              ro code  0x08006f22     0x4  startup_stm32f303xc.o [1]
  .text              ro code  0x08006f26     0x4  startup_stm32f303xc.o [1]
  .text              ro code  0x08006f2a     0x4  startup_stm32f303xc.o [1]
  .text              ro code  0x08006f2e     0x4  startup_stm32f303xc.o [1]
  .text              ro code  0x08006f32     0x4  startup_stm32f303xc.o [1]
  .text              ro code  0x08006f36     0x4  startup_stm32f303xc.o [1]
  .text              ro code  0x08006f3a     0x4  startup_stm32f303xc.o [1]
  .text              ro code  0x08006f3e     0x4  startup_stm32f303xc.o [1]
  .text              ro code  0x08006f42     0x4  startup_stm32f303xc.o [1]
  .text              ro code  0x08006f46     0x4  startup_stm32f303xc.o [1]
  .text              ro code  0x08006f4a     0x4  startup_stm32f303xc.o [1]
  .text              ro code  0x08006f4e     0x4  startup_stm32f303xc.o [1]
  .text              ro code  0x08006f52     0x4  startup_stm32f303xc.o [1]
  .text              ro code  0x08006f56     0x4  startup_stm32f303xc.o [1]
  .text              ro code  0x08006f5a     0x4  startup_stm32f303xc.o [1]
  .text              ro code  0x08006f5e     0x4  startup_stm32f303xc.o [1]
  .text              ro code  0x08006f62     0x4  startup_stm32f303xc.o [1]
  .text              ro code  0x08006f66     0x4  startup_stm32f303xc.o [1]
  .text              ro code  0x08006f6a     0x4  startup_stm32f303xc.o [1]
  .text              ro code  0x08006f6e     0x4  startup_stm32f303xc.o [1]
  .text              ro code  0x08006f72     0x4  startup_stm32f303xc.o [1]
  .text              ro code  0x08006f76     0x4  startup_stm32f303xc.o [1]
  .text              ro code  0x08006f7a     0x4  startup_stm32f303xc.o [1]
  .text              ro code  0x08006f7e     0x4  startup_stm32f303xc.o [1]
  .text              ro code  0x08006f82     0x4  startup_stm32f303xc.o [1]
  .text              ro code  0x08006f86     0x4  startup_stm32f303xc.o [1]
  .text              ro code  0x08006f8a     0x4  startup_stm32f303xc.o [1]
  .text              ro code  0x08006f8e     0x4  startup_stm32f303xc.o [1]
  .rodata            const    0x08006f92     0x0  zero_init3.o [5]
  .rodata            const    0x08006f92     0x0  lz77_init_single.o [5]
  Initializer bytes  const    0x08006f92    0x49  <for P2-1>
                            - 0x08006fdb  0x6e53

"P2", part 1 of 3:                         0x101
  P2-1                        0x20000000   0x101  <Init block>
    .data            inited   0x20000000    0x68  sd_spi.o [1]
    .data            inited   0x20000068     0x4  system_stm32f3xx.o [1]
    .data            inited   0x2000006c    0x14  user_diskio.o [1]
    .data            inited   0x20000080    0x38  xlocale_c.o [3]
    .data            inited   0x200000b8    0x48  xlocale_c.o [3]
    .data            inited   0x20000100     0x1  user_diskio.o [1]
                            - 0x20000101   0x101

"P2", part 2 of 3:                         0x540
  .bss               zero     0x20000104   0x234  main.o [1]
  .bss               zero     0x20000338   0x1d8  dlmalloc.o [3]
  .bss               zero     0x20000510    0x4c  main.o [1]
  .bss               zero     0x2000055c    0x40  main.o [1]
  .bss               zero     0x2000059c    0x40  main.o [1]
  .bss               zero     0x200005dc    0x18  ff.o [1]
  .bss               zero     0x200005f4    0x18  dlmalloc.o [3]
  .bss               zero     0x2000060c    0x14  main.o [1]
  .bss               zero     0x20000620     0xc  ff_gen_drv.o [1]
  .bss               zero     0x2000062c     0x8  ff.o [1]
  .bss               zero     0x20000634     0x4  stm32f3xx_hal.o [1]
  .bss               zero     0x20000638     0x4  xfail_s.o [3]
  .bss               zero     0x2000063c     0x4  xgetmemchunk.o [3]
  .bss               zero     0x20000640     0x2  stm32_adafruit_sd.o [1]
  .bss               zero     0x20000642     0x1  stm32_adafruit_sd.o [1]
                            - 0x20000643   0x53f

"P2", part 3 of 3:                        0x2200
  CSTACK                      0x20000648  0x2000  <Block>
    CSTACK           uninit   0x20000648  0x2000  <Block tail>
  HEAP                        0x20002648   0x200  <Block>
    HEAP             uninit   0x20002648   0x200  <Block tail>
                            - 0x20002848  0x2200


*******************************************************************************
*** INIT TABLE
***

          Address     Size
          -------     ----
Zero (__iar_zero_init3)
    1 destination range, total size 0x53f:
          0x20000104  0x53f

Copy/lz77 (__iar_lz77_init_single3)
    1 source range, total size 0x49 (28% of destination):
          0x08006f92   0x49
    1 destination range, total size 0x101:
          0x20000000  0x101



*******************************************************************************
*** MODULE SUMMARY
***

    Module                  ro code  ro data  rw data
    ------                  -------  -------  -------
C:\Users\ZephRay\Documents\GitHub\OpAmp-PSG\Firmware\OpTune\EWARM\OpTune\Obj: [1]
    diskio.o                     92
    fatfs.o                       4
    ff.o                      4 186                32
    ff_gen_drv.o                 68                12
    lcd4004.o                   302
    main.o                      880               788
    sd_spi.o                    384       29      104
    startup_stm32f303xc.o       672
    stm32_adafruit_sd.o       1 868                 3
    stm32f3xx_hal.o             134                 4
    stm32f3xx_hal_cortex.o      206
    stm32f3xx_hal_dac.o          40
    stm32f3xx_hal_dac_ex.o      124
    stm32f3xx_hal_gpio.o        688
    stm32f3xx_hal_i2c.o         178
    stm32f3xx_hal_i2c_ex.o      134
    stm32f3xx_hal_msp.o         496
    stm32f3xx_hal_rcc.o       1 204
    stm32f3xx_hal_rcc_ex.o      440
    stm32f3xx_hal_spi.o       1 126
    stm32f3xx_hal_tim.o       1 062
    stm32f3xx_hal_tim_ex.o      592
    stm32f3xx_it.o               30
    system_stm32f3xx.o          124        1        4
    user_diskio.o               232        7       21
    -------------------------------------------------
    Total:                   15 266       37      968

command line: [2]
    -------------------------------------------------
    Total:

dl7M_tlf.a: [3]
    abort.o                       6
    dlmalloc.o                5 336               496
    exit.o                        4
    heaptramp0.o                  4
    low_level_init.o              4
    sprintf.o                    64
    xencoding_8859_1.o           30
    xfail_s.o                    68                 4
    xgetmemchunk.o               44                 4
    xlocale_c.o                 120       42      128
    xmbcurmax.o                  10
    xprintffull.o             3 918
    xsprout.o                    10
    -------------------------------------------------
    Total:                    9 618       42      632

m7M_tls.a: [4]
    DblAdd.o                    360
    DblCmpGe.o                   46
    DblCmpLe.o                   46
    DblDiv.o                    582
    DblMul.o                    418
    DblSub.o                    226
    DblToS32.o                   58
    DblToU32.o                   40
    S32ToDbl.o                   34
    U32ToDbl.o                   26
    fpinit_M.o                   34
    frexp.o                     112
    ldexp.o                     314
    -------------------------------------------------
    Total:                    2 296

rt7M_tl.a: [5]
    ABImemcpy.o                 166
    ABImemset.o                 102
    I64DivMod.o                 558
    I64DivZer.o                   2
    cexit.o                      10
    cmain.o                      30
    cstartup_M.o                 12
    data_init.o                  40
    lz77_init_single.o          122
    memchr.o                     88
    strchr.o                     22
    strlen.o                     54
    zero_init3.o                 64
    -------------------------------------------------
    Total:                    1 270

shb_l.a: [6]
    exit.o                       20
    -------------------------------------------------
    Total:                       20

    Gaps                         52        2
    Linker created                        32    8 704
-----------------------------------------------------
    Grand Total:             28 522      113   10 304


*******************************************************************************
*** ENTRY LIST
***

Entry                      Address   Size  Type      Object
-----                      -------   ----  ----      ------
.iar.init_table$$Base   0x08006de4          --   Gb  - Linker created -
.iar.init_table$$Limit  0x08006e04          --   Gb  - Linker created -
?main                   0x08006e35         Code  Gb  cmain.o [5]
AHBPrescTable           0x08006d48   0x10  Data  Gb  system_stm32f3xx.o [1]
BSP_SD_GetCardInfo      0x08004501   0x60  Code  Gb  stm32_adafruit_sd.o [1]
BSP_SD_GetStatus        0x080046f1   0x2a  Code  Gb  stm32_adafruit_sd.o [1]
BSP_SD_Init             0x080044ed   0x14  Code  Gb  stm32_adafruit_sd.o [1]
BSP_SD_ReadBlocks       0x08004561   0xbc  Code  Gb  stm32_adafruit_sd.o [1]
BSP_SD_WriteBlocks      0x0800461d   0xd0  Code  Gb  stm32_adafruit_sd.o [1]
BusFault_Handler        0x08006e0b    0x2  Code  Gb  stm32f3xx_it.o [1]
CSTACK$$Base            0x20000648          --   Gb  - Linker created -
CSTACK$$Limit           0x20002648          --   Gb  - Linker created -
CacheMore               0x080037bd   0x24  Code  Lc  xlocale_c.o [3]
DebugMon_Handler        0x08006e11    0x2  Code  Gb  stm32f3xx_it.o [1]
ExCvt                   0x08001eec   0x80  Data  Lc  ff.o [1]
FATFS_LinkDriver        0x080065c3    0x4  Code  Gb  ff_gen_drv.o [1]
FATFS_LinkDriverEx      0x08006589   0x3a  Code  Gb  ff_gen_drv.o [1]
FatFs                   0x20000630    0x4  Data  Lc  ff.o [1]
Files                   0x200005dc   0x18  Data  Lc  ff.o [1]
Fsid                    0x2000062c    0x2  Data  Lc  ff.o [1]
HAL_DACEx_NoiseWaveGenerate
                        0x0800682b   0x14  Code  Gb  stm32f3xx_hal_dac_ex.o [1]
HAL_DAC_ConfigChannel   0x080067ed   0x3e  Code  Gb  stm32f3xx_hal_dac_ex.o [1]
HAL_DAC_Init            0x080067c5   0x28  Code  Gb  stm32f3xx_hal_dac.o [1]
HAL_DAC_MspInit         0x08005575   0x32  Code  Gb  stm32f3xx_hal_msp.o [1]
HAL_Delay               0x08004dbd   0x1e  Code  Wk  stm32f3xx_hal.o [1]
HAL_GPIO_DeInit         0x080053e5   0xe6  Code  Gb  stm32f3xx_hal_gpio.o [1]
HAL_GPIO_Init           0x08005245  0x1a0  Code  Gb  stm32f3xx_hal_gpio.o [1]
HAL_GPIO_WritePin       0x080054cb    0xe  Code  Gb  stm32f3xx_hal_gpio.o [1]
HAL_GetTick             0x080054f5    0xc  Code  Wk  stm32f3xx_hal.o [1]
HAL_I2CEx_ConfigAnalogFilter
                        0x0800691d   0x30  Code  Gb  stm32f3xx_hal_i2c_ex.o [1]
HAL_I2CEx_ConfigDigitalFilter
                        0x0800694d   0x2c  Code  Gb  stm32f3xx_hal_i2c_ex.o [1]
HAL_I2C_Init            0x08006869   0xa2  Code  Gb  stm32f3xx_hal_i2c.o [1]
HAL_I2C_MspInit         0x080055a7   0x42  Code  Gb  stm32f3xx_hal_msp.o [1]
HAL_IncTick             0x08006e25   0x10  Code  Wk  stm32f3xx_hal.o [1]
HAL_Init                0x08006435   0x20  Code  Gb  stm32f3xx_hal.o [1]
HAL_InitTick            0x08005c75   0x28  Code  Wk  stm32f3xx_hal.o [1]
HAL_MspInit             0x08005501   0x74  Code  Gb  stm32f3xx_hal_msp.o [1]
HAL_NVIC_SetPriority    0x08005729   0x3a  Code  Gb  stm32f3xx_hal_cortex.o [1]
HAL_NVIC_SetPriorityGrouping
                        0x0800570f   0x1a  Code  Gb  stm32f3xx_hal_cortex.o [1]
HAL_RCCEx_PeriphCLKConfig
                        0x0800660d  0x1aa  Code  Gb  stm32f3xx_hal_rcc_ex.o [1]
HAL_RCC_ClockConfig     0x08005abf  0x110  Code  Gb  stm32f3xx_hal_rcc.o [1]
HAL_RCC_GetHCLKFreq     0x08005c27    0x6  Code  Gb  stm32f3xx_hal_rcc.o [1]
HAL_RCC_GetSysClockFreq
                        0x08005bed   0x3a  Code  Gb  stm32f3xx_hal_rcc.o [1]
HAL_RCC_OscConfig       0x080057c1  0x2d8  Code  Gb  stm32f3xx_hal_rcc.o [1]
HAL_SPI_DeInit          0x08004e95   0x28  Code  Gb  stm32f3xx_hal_spi.o [1]
HAL_SPI_GetState        0x080050cb    0x6  Code  Gb  stm32f3xx_hal_spi.o [1]
HAL_SPI_Init            0x08004ddd   0xac  Code  Gb  stm32f3xx_hal_spi.o [1]
HAL_SPI_MspDeInit       0x08005631   0x18  Code  Gb  stm32f3xx_hal_msp.o [1]
HAL_SPI_MspInit         0x080055e9   0x36  Code  Gb  stm32f3xx_hal_msp.o [1]
HAL_SPI_TransmitReceive
                        0x08004ebd  0x1f6  Code  Gb  stm32f3xx_hal_spi.o [1]
HAL_SYSTICK_CLKSourceConfig
                        0x0800578b   0x1a  Code  Gb  stm32f3xx_hal_cortex.o [1]
HAL_SYSTICK_Config      0x08005763   0x28  Code  Gb  stm32f3xx_hal_cortex.o [1]
HAL_SYSTICK_IRQHandler  0x080057b9    0x4  Code  Gb  stm32f3xx_hal_cortex.o [1]
HAL_TIMEx_MasterConfigSynchronization
                        0x08006acf   0x44  Code  Gb  stm32f3xx_hal_tim_ex.o [1]
HAL_TIM_Base_Init       0x08005c9d   0x1a  Code  Gb  stm32f3xx_hal_tim.o [1]
HAL_TIM_Base_MspInit    0x0800564f   0x56  Code  Gb  stm32f3xx_hal_msp.o [1]
HAL_TIM_ConfigClockSource
                        0x08005cf5   0xb4  Code  Gb  stm32f3xx_hal_tim.o [1]
HAL_TIM_MspPostInit     0x080056a5   0x2e  Code  Gb  stm32f3xx_hal_msp.o [1]
HAL_TIM_PWM_ConfigChannel
                        0x080069a5  0x12a  Code  Gb  stm32f3xx_hal_tim_ex.o [1]
HAL_TIM_PWM_Init        0x08005ccb   0x1a  Code  Gb  stm32f3xx_hal_tim.o [1]
HEAP$$Base              0x20002648          --   Gb  - Linker created -
HEAP$$Limit             0x20002848          --   Gb  - Linker created -
HardFault_Handler       0x08006e07    0x2  Code  Gb  stm32f3xx_it.o [1]
LoadInt                 0x08002a37   0x7a  Code  Lc  xprintffull.o [3]
MX_DAC_Init             0x08006265   0x38  Code  Lc  main.o [1]
MX_I2C1_Init            0x0800629d   0x40  Code  Lc  main.o [1]
MX_TIM2_Init            0x080062dd   0x46  Code  Lc  main.o [1]
MX_TIM3_Init            0x0800632b   0x66  Code  Lc  main.o [1]
MemManage_Handler       0x08006e09    0x2  Code  Gb  stm32f3xx_it.o [1]
NMI_Handler             0x08006e05    0x2  Code  Gb  stm32f3xx_it.o [1]
NVIC_SetPriority        0x080056f1   0x1e  Code  Lc  stm32f3xx_hal_cortex.o [1]
PendSV_Handler          0x08006e13    0x2  Code  Gb  stm32f3xx_it.o [1]
Region$$Table$$Base     0x08006de4          --   Gb  - Linker created -
Region$$Table$$Limit    0x08006e04          --   Gb  - Linker created -
SD_FatFs                0x20000104  0x230  Data  Gb  main.o [1]
SD_GetCIDRegister       0x080048fb   0xde  Code  Lc  stm32_adafruit_sd.o [1]
SD_GetCSDRegister       0x0800471b  0x1da  Code  Lc  stm32_adafruit_sd.o [1]
SD_GoIdleState          0x08004ab3  0x114  Code  Lc  stm32_adafruit_sd.o [1]
SD_IO_CSState           0x08004d7d   0x14  Code  Gb  sd_spi.o [1]
SD_IO_Init              0x08004d25   0x4a  Code  Gb  sd_spi.o [1]
SD_IO_WriteByte         0x08004da5   0x14  Code  Gb  sd_spi.o [1]
SD_IO_WriteReadData     0x08004d91    0x2  Code  Gb  sd_spi.o [1]
SD_Path                 0x20000334    0x4  Data  Gb  main.o [1]
SD_ReadData             0x08004bf5   0x14  Code  Lc  stm32_adafruit_sd.o [1]
SD_SendCmd              0x080049f1   0xc2  Code  Lc  stm32_adafruit_sd.o [1]
SD_WaitData             0x08004c09   0x28  Code  Lc  stm32_adafruit_sd.o [1]
SPI_EndRxTxTransaction  0x0800520d   0x2a  Code  Lc  stm32f3xx_hal_spi.o [1]
SPI_WaitFifoStateUntilTimeout
                        0x08005155   0x92  Code  Lc  stm32f3xx_hal_spi.o [1]
SPI_WaitFlagStateUntilTimeout
                        0x080050d1   0x84  Code  Lc  stm32f3xx_hal_spi.o [1]
SPIx_Error              0x08004d17    0xe  Code  Lc  sd_spi.o [1]
SPIx_Init               0x08004c39   0xa6  Code  Lc  sd_spi.o [1]
SPIx_WriteReadData      0x08004cf9   0x1e  Code  Lc  sd_spi.o [1]
SVC_Handler             0x08006e0f    0x2  Code  Gb  stm32f3xx_it.o [1]
SdStatus                0x20000642    0x1  Data  Gb  stm32_adafruit_sd.o [1]
SpixTimeout             0x20000064    0x4  Data  Gb  sd_spi.o [1]
Stat                    0x20000100    0x1  Data  Lc  user_diskio.o [1]
SysTick_Handler         0x08006e15    0xe  Code  Gb  stm32f3xx_it.o [1]
SystemClock_Config      0x080061e5   0x80  Code  Gb  main.o [1]
SystemCoreClock         0x20000068    0x4  Data  Gb  system_stm32f3xx.o [1]
SystemInit              0x08006cdd   0x52  Code  Gb  system_stm32f3xx.o [1]
TIM_Base_SetConfig      0x08005dd3   0x96  Code  Gb  stm32f3xx_hal_tim.o [1]
TIM_ETR_SetConfig       0x080060a7   0x14  Code  Gb  stm32f3xx_hal_tim.o [1]
TIM_ITRx_SetConfig      0x08006097   0x10  Code  Lc  stm32f3xx_hal_tim.o [1]
TIM_OC1_SetConfig       0x08005e71   0x7e  Code  Gb  stm32f3xx_hal_tim.o [1]
TIM_OC2_SetConfig       0x08005ef1   0x72  Code  Gb  stm32f3xx_hal_tim.o [1]
TIM_OC3_SetConfig       0x08005f63   0x70  Code  Gb  stm32f3xx_hal_tim.o [1]
TIM_OC4_SetConfig       0x08005fd3   0x56  Code  Gb  stm32f3xx_hal_tim.o [1]
TIM_OC5_SetConfig       0x08006b2b   0x54  Code  Lc  stm32f3xx_hal_tim_ex.o [1]
TIM_OC6_SetConfig       0x08006b7f   0x56  Code  Lc  stm32f3xx_hal_tim_ex.o [1]
TIM_TI1_ConfigInputStage
                        0x08006055   0x1e  Code  Lc  stm32f3xx_hal_tim.o [1]
TIM_TI2_ConfigInputStage
                        0x08006073   0x24  Code  Lc  stm32f3xx_hal_tim.o [1]
USER_Driver             0x2000006c   0x14  Data  Gb  user_diskio.o [1]
USER_initialize         0x08006bf5    0xe  Code  Gb  user_diskio.o [1]
USER_ioctl              0x08006c75   0x42  Code  Gb  user_diskio.o [1]
USER_read               0x08006c1d   0x3c  Code  Gb  user_diskio.o [1]
USER_status             0x08006c03    0xc  Code  Gb  user_diskio.o [1]
USER_write              0x08006c59   0x1a  Code  Gb  user_diskio.o [1]
UsageFault_Handler      0x08006e0d    0x2  Code  Gb  stm32f3xx_it.o [1]
_Encoding_8859_1_Mbrlen
                        0x0800278d    0x2  Code  Gb  xencoding_8859_1.o [3]
_Encoding_8859_1_Wctomb
                        0x0800277b   0x12  Code  Gb  xencoding_8859_1.o [3]
_GenldFull              0x080034b7  0x250  Code  Lc  xprintffull.o [3]
_LdtobFull              0x0800308d  0x3fe  Code  Lc  xprintffull.o [3]
_LitobFull              0x08002f35  0x112  Code  Lc  xprintffull.o [3]
_Locale_lconv           0x20000080   0x38  Data  Lc  xlocale_c.o [3]
_PrintfFull             0x08002869  0x1b8  Code  Gb  xprintffull.o [3]
_PutcharsFull           0x08003707   0x2e  Code  Lc  xprintffull.o [3]
_PutfldFull             0x08002ab1  0x2d0  Code  Lc  xprintffull.o [3]
_PutstrFull             0x08002e77   0xbe  Code  Lc  xprintffull.o [3]
_PuttxtFull             0x08002d81   0xf6  Code  Lc  xprintffull.o [3]
_SProut                 0x080027ff    0xa  Code  Gb  xsprout.o [3]
__aeabi_cdcmple         0x08003e15         Code  Gb  DblCmpLe.o [4]
__aeabi_cdrcmple        0x08003e45         Code  Gb  DblCmpGe.o [4]
__aeabi_d2iz            0x08003fb1         Code  Gb  DblToS32.o [4]
__aeabi_d2uiz           0x0800433d         Code  Gb  DblToU32.o [4]
__aeabi_ddiv            0x080040f5         Code  Gb  DblDiv.o [4]
__aeabi_dmul            0x08003c01         Code  Gb  DblMul.o [4]
__aeabi_dsub            0x08004011         Code  Gb  DblSub.o [4]
__aeabi_i2d             0x08003fed         Code  Gb  S32ToDbl.o [4]
__aeabi_ldiv0           0x08004381         Code  Gb  I64DivZer.o [5]
__aeabi_memcpy          0x08003929         Code  Gb  ABImemcpy.o [5]
__aeabi_memcpy4         0x08003949         Code  Gb  ABImemcpy.o [5]
__aeabi_memcpy8         0x08003949         Code  Gb  ABImemcpy.o [5]
__aeabi_memset          0x08002799         Code  Gb  ABImemset.o [5]
__aeabi_ui2d            0x08004365         Code  Gb  U32ToDbl.o [4]
__aeabi_uldivmod        0x080039d1         Code  Gb  I64DivMod.o [5]
__cmain                 0x08006e35         Code  Gb  cmain.o [5]
__data_GetMemChunk      0x080016e1   0x2c  Code  Gb  xgetmemchunk.o [3]
__data_GetMemChunk::start
                        0x2000063c    0x4  Data  Lc  xgetmemchunk.o [3]
__exit                  0x0800170d   0x14  Code  Gb  exit.o [6]
__iar_Fail_s            0x08003849   0x1e  Code  Gb  xfail_s.o [3]
__iar_Mbcurmax          0x0800391d    0xa  Code  Gb  xmbcurmax.o [3]
__iar_Memchr            0x080038c5         Code  Gb  memchr.o [5]
__iar_Memset            0x08002799         Code  Gb  ABImemset.o [5]
__iar_Memset_word       0x080027a1         Code  Gb  ABImemset.o [5]
__iar_Strchr            0x08003831         Code  Gb  strchr.o [5]
__iar_dadd              0x08004021         Code  Gb  DblSub.o [4]
__iar_data_init3        0x08006d99   0x28  Code  Gb  data_init.o [5]
__iar_dlfree            0x08001167  0x4f6  Code  Gb  dlmalloc.o [3]
__iar_dlmalloc          0x08000eb1  0x2b6  Code  Gb  dlmalloc.o [3]
__iar_dsub              0x08004385         Code  Gb  DblAdd.o [4]
__iar_dsubStart         0x08004397         Code  Gb  DblAdd.o [4]
__iar_frexp             0x08003db1         Code  Gb  frexp.o [4]
__iar_frexpl            0x08003db1         Code  Gb  frexp.o [4]
__iar_globLocale        0x200000b8   0x48  Data  Lc  xlocale_c.o [3]
__iar_global_Locale     0x080037b9    0x4  Code  Gb  xlocale_c.o [3]
__iar_init_vfp          0x08006dc1         Code  Gb  fpinit_M.o [4]
__iar_ldexp64           0x08003e75         Code  Gb  ldexp.o [4]
__iar_lz77_init_single3
                        0x08001667   0x7a  Code  Gb  lz77_init_single.o [5]
__iar_program_start     0x08006e79         Code  Gb  cstartup_M.o [5]
__iar_scalbln64         0x08003e75         Code  Gb  ldexp.o [4]
__iar_scalbn64          0x08003e75         Code  Gb  ldexp.o [4]
__iar_softfp___iar_frexp64
                        0x08003da5         Code  Gb  frexp.o [4]
__iar_softfp_frexp      0x08003da5         Code  Gb  frexp.o [4]
__iar_softfp_frexpl     0x08003da5         Code  Gb  frexp.o [4]
__iar_systems$$module {Abs}
                        0x00000001         Data  Gb  command line/config [2]
__iar_zero_init3        0x08006d59   0x40  Code  Gb  zero_init3.o [5]
__low_level_init        0x08006e53    0x4  Code  Gb  low_level_init.o [3]
__vector_table          0x08000000         Data  Gb  startup_stm32f303xc.o [1]
_call_main              0x08006e41         Code  Gb  cmain.o [5]
_exit                   0x08006e5d         Code  Gb  cexit.o [5]
_gLocale_mblen          0x08003819    0x4  Code  Gb  xlocale_c.o [3]
_gLocale_mblenInt       0x080037e1   0x34  Code  Gb  xlocale_c.o [3]
_gLocale_wctomb         0x0800381d    0x4  Code  Gb  xlocale_c.o [3]
_gLocale_wctombInt      0x08003815    0x4  Code  Gb  xlocale_c.o [3]
_gm_                    0x20000338  0x1d8  Data  Lc  dlmalloc.o [3]
_main                   0x08006e4f         Code  Gb  cmain.o [5]
aPLLMULFactorTable      0x08005c54   0x10  Data  Gb  stm32f3xx_hal_rcc.o [1]
aPredivFactorTable      0x08005c64   0x10  Data  Gb  stm32f3xx_hal_rcc.o [1]
abort                   0x08001661    0x6  Code  Gb  abort.o [3]
add_segment             0x0800054d  0x1fc  Code  Lc  dlmalloc.o [3]
check_fs                0x0800206d   0x68  Code  Lc  ff.o [1]
chk_lock                0x08001743   0x64  Code  Lc  ff.o [1]
clear_lock              0x08001825   0x1e  Code  Lc  ff.o [1]
clmt_clust              0x08001b95   0x2e  Code  Lc  ff.o [1]
clust2sect              0x080018cb   0x20  Code  Gb  ff.o [1]
create_chain            0x08001aeb   0x9c  Code  Lc  ff.o [1]
create_name             0x08001de1   0xfa  Code  Lc  ff.o [1]
delay_cycles            0x08006459   0x12  Code  Gb  lcd4004.o [1]
dir_next                0x08001c45   0xe8  Code  Lc  ff.o [1]
dir_register            0x08001d6b   0x66  Code  Lc  ff.o [1]
dir_sdi                 0x08001bc3   0x82  Code  Lc  ff.o [1]
disk                    0x20000620    0xc  Data  Gb  ff_gen_drv.o [1]
disk_initialize         0x0800281b   0x1e  Code  Gb  diskio.o [1]
disk_read               0x08002839    0xc  Code  Gb  diskio.o [1]
disk_status             0x08002809   0x12  Code  Gb  diskio.o [1]
disk_write              0x08002845    0xc  Code  Gb  diskio.o [1]
exit                    0x08006e57    0x4  Code  Gb  exit.o [3]
f_gets                  0x08002737   0x44  Code  Gb  ff.o [1]
f_mount                 0x080023c9   0x5c  Code  Gb  ff.o [1]
f_open                  0x08002425  0x176  Code  Gb  ff.o [1]
f_read                  0x080025b1  0x144  Code  Gb  ff.o [1]
find_volume             0x080020d9  0x2be  Code  Lc  ff.o [1]
flag_SDHC               0x20000640    0x2  Data  Gb  stm32_adafruit_sd.o [1]
follow_path             0x08001f6d   0xbc  Code  Lc  ff.o [1]
free                    0x08004db9    0x4  Code  Gb  heaptramp0.o [3]
get_fat                 0x080018eb   0xac  Code  Gb  ff.o [1]
get_fattime             0x08002865    0x4  Code  Gb  fatfs.o [1]
get_ldnumber            0x08002029   0x44  Code  Lc  ff.o [1]
hdac                    0x2000060c   0x14  Data  Gb  main.o [1]
hi2c1                   0x20000510   0x4c  Data  Gb  main.o [1]
hnucleo_Spi             0x20000000   0x64  Data  Lc  sd_spi.o [1]
htim2                   0x2000055c   0x40  Data  Gb  main.o [1]
htim3                   0x2000059c   0x40  Data  Gb  main.o [1]
inc_lock                0x080017a7   0x7e  Code  Lc  ff.o [1]
init_mparams            0x080001a7   0x32  Code  Lc  dlmalloc.o [3]
init_top                0x080001d9   0x32  Code  Lc  dlmalloc.o [3]
lcd_init                0x08006505   0x54  Code  Gb  lcd4004.o [1]
lcd_print               0x0800656f   0x18  Code  Gb  lcd4004.o [1]
lcd_send_byte           0x0800646b   0x56  Code  Gb  lcd4004.o [1]
lcd_send_cmd            0x080064d9   0x20  Code  Gb  lcd4004.o [1]
lcd_send_dat            0x080064c1   0x18  Code  Gb  lcd4004.o [1]
ld_clust                0x08001d33   0x20  Code  Lc  ff.o [1]
ldexp                   0x08003e75         Code  Gb  ldexp.o [4]
ldexpl                  0x08003e75         Code  Gb  ldexp.o [4]
localeconv              0x08003821    0x4  Code  Gb  xlocale_c.o [3]
main                    0x080060c5  0x114  Code  Gb  main.o [1]
mem_cpy                 0x08001721   0x14  Code  Lc  ff.o [1]
mem_set                 0x08001735    0xe  Code  Lc  ff.o [1]
memchr                  0x080038c5         Code  Gb  memchr.o [5]
move_window             0x08001893   0x38  Code  Lc  ff.o [1]
mparams                 0x200005f4   0x18  Data  Lc  dlmalloc.o [3]
prepend_alloc           0x0800020b  0x342  Code  Lc  dlmalloc.o [3]
put_fat                 0x0800199d   0xde  Code  Gb  ff.o [1]
remove_chain            0x08001a87   0x5e  Code  Lc  ff.o [1]
scalbln                 0x08003e75         Code  Gb  ldexp.o [4]
scalblnl                0x08003e75         Code  Gb  ldexp.o [4]
scalbn                  0x08003e75         Code  Gb  ldexp.o [4]
scalbnl                 0x08003e75         Code  Gb  ldexp.o [4]
scale                   0x08003047   0x46  Code  Lc  xprintffull.o [3]
sec_hand                0x20000638    0x4  Data  Lc  xfail_s.o [3]
segment_holding         0x08000189   0x1e  Code  Lc  dlmalloc.o [3]
sprintf                 0x080065cd   0x40  Code  Gb  sprintf.o [3]
st_clust                0x08001d53   0x12  Code  Lc  ff.o [1]
strchr                  0x08003831         Code  Gb  strchr.o [5]
strlen                  0x0800388d         Code  Gb  strlen.o [5]
sync_window             0x08001843   0x44  Code  Lc  ff.o [1]
sys_alloc               0x0800074f  0x160  Code  Lc  dlmalloc.o [3]
sys_trim                0x080008af   0x66  Code  Lc  dlmalloc.o [3]
tmalloc_large           0x08000921  0x384  Code  Lc  dlmalloc.o [3]
tmalloc_small           0x08000ca5  0x1fe  Code  Lc  dlmalloc.o [3]
uwTick                  0x20000634    0x4  Data  Gb  stm32f3xx_hal.o [1]
validate                0x08002397   0x32  Code  Lc  ff.o [1]


[1] = C:\Users\ZephRay\Documents\GitHub\OpAmp-PSG\Firmware\OpTune\EWARM\OpTune\Obj
[2] = command line
[3] = dl7M_tlf.a
[4] = m7M_tls.a
[5] = rt7M_tl.a
[6] = shb_l.a

  28 522 bytes of readonly  code memory
     113 bytes of readonly  data memory
  10 304 bytes of readwrite data memory

Errors: none
Warnings: none
